// Jest Snapshot v1, https://goo.gl/fbAQLP

exports[`Coaches should render properly 1`] = `
<div>
  <div
    class="container"
  >
    <div
      class="leftContainer"
    >
      <button
        class="addBtn"
        data-testid="add-button"
      >
        <p
          class="addBtnText"
        >
          Add
        </p>
        <div
          class="addBtnPlus"
        >
          +
        </div>
      </button>
      <div
        class="resultList"
      >
        <p
          data-testid="list-item"
        >
          test
           
          
          user
        </p>
      </div>
    </div>
    <div
      class="rightContainer"
    >
      <form
        action=""
        data-testid="coach-form"
      >
        <div
          class="omrs-input-group"
        >
          <label
            class="omrs-input-underlined"
          >
            <input
              data-testid="form-firstname"
              name="firstName"
              type="text"
              value=""
            />
            <span
              class="omrs-input-label"
            >
              firstName
            </span>
            <span
              class="omrs-input-helper"
            />
          </label>
        </div>
        <div
          class="omrs-input-group"
        >
          <label
            class="omrs-input-underlined"
          >
            <input
              data-testid="form-lastname"
              name="lastName"
              type="text"
              value=""
            />
            <span
              class="omrs-input-label"
            >
              lastName
            </span>
            <span
              class="omrs-input-helper"
            />
          </label>
        </div>
        <div
          class="omrs-input-group"
        >
          <label
            class="omrs-input-underlined"
          >
            <input
              data-testid="form-description"
              name="description"
              type="text"
              value=""
            />
            <span
              class="omrs-input-label"
            >
              description
            </span>
            <span
              class="omrs-input-helper"
            />
          </label>
        </div>
        <div
          class="omrs-input-group"
        >
          <label
            class="omrs-input-underlined"
          >
            <input
              data-testid="form-birthdate"
              name="dateBirth"
              type="date"
              value=""
            />
            <span
              class="omrs-input-label"
            >
              dateBirth
            </span>
            <span
              class="omrs-input-helper"
            />
          </label>
        </div>
        <div
          class="omrs-input-group"
        >
          <label
            class="omrs-input-underlined"
          >
            <input
              data-testid="form-phone"
              name="phoneNumber"
              type="tel"
              value=""
            />
            <span
              class="omrs-input-label"
            >
              phoneNumber
            </span>
            <span
              class="omrs-input-helper"
            />
          </label>
        </div>
        <div
          class="btnContainer"
        >
          <button
            class="addBtn"
            data-testid="crud-button-submit"
            disabled=""
            type="submit"
          >
            <p
              class="addBtnText"
            >
              Done
            </p>
          </button>
        </div>
      </form>
    </div>
  </div>
</div>
`;
